Command: /home/siovush/.espressif/python_env/idf6.1_py3.12_env/bin/python /home/siovush/esp/esp-idf/tools/idf_monitor.py -p /dev/ttyACM0 -b 115200 --toolchain-prefix xtensa-esp32s3-elf- --target esp32s3 --revision 0 /home/siovush/esp/esp32_s3_web_plc/build/esp32_s3_web_plc.elf /home/siovush/esp/esp32_s3_web_plc/build/bootloader/bootloader.elf -m '/home/siovush/.espressif/python_env/idf6.1_py3.12_env/bin/python' '/home/siovush/esp/esp-idf/tools/idf.py'
	�ESP-ROM:esp32s3-20210327
Build:Mar 27 2021
rst:0x1 (POWERON),boot:0x8 (SPI_FAST_FLASH_BOOT)
SPIWP:0xee
mode:DIO, clock div:1
load:0x3fce2820,len:0x14f0
load:0x403c8700,len:0xde4
load:0x403cb700,len:0x2f58
entry 0x403c8904
[0;32mI (24) boot: ESP-IDF v6.1-dev-4427-gc00874869b 2nd stage bootloader[0m
[0;32mI (25) boot: compile time May  2 2026 12:04:12[0m
[0;32mI (25) boot: Multicore bootloader[0m
[0;32mI (27) boot: chip revision: v0.2[0m
[0;32mI (29) boot: efuse block revision: v1.3[0m
[0;32mI (33) boot.esp32s3: Boot SPI Speed : 80MHz[0m
[0;32mI (37) boot.esp32s3: SPI Mode       : DIO[0m
[0;32mI (40) boot.esp32s3: SPI Flash Size : 16MB[0m
[0;32mI (44) boot: Enabling RNG early entropy source...[0m
[0;32mI (49) boot: Partition Table:[0m
[0;32mI (51) boot: ## Label            Usage          Type ST Offset   Length[0m
[0;32mI (58) boot:  0 nvs              WiFi data        01 02 00009000 00006000[0m
[0;32mI (64) boot:  1 phy_init         RF data          01 01 0000f000 00001000[0m
[0;32mI (71) boot:  2 factory          factory app      00 00 00010000 00200000[0m
[0;32mI (77) boot:  3 storage          Unknown data     01 82 00210000 00200000[0m
[0;32mI (84) boot: End of partition table[0m
[0;32mI (87) esp_image: segment 0: paddr=00010020 vaddr=3c0a0020 size=1fc28h (130088) map[0m
[0;32mI (118) esp_image: segment 1: paddr=0002fc50 vaddr=3fc99200 size=003c8h (   968) load[0m
[0;32mI (118) esp_image: segment 2: paddr=00030020 vaddr=42000020 size=98acch (625356) map[0m
[0;32mI (234) esp_image: segment 3: paddr=000c8af4 vaddr=3fc995c8 size=05280h ( 21120) load[0m
[0;32mI (239) esp_image: segment 4: paddr=000cdd7c vaddr=40374000 size=15128h ( 86312) load[0m
[0;32mI (258) esp_image: segment 5: paddr=000e2eac vaddr=50000000 size=00024h (    36) load[0m
[0;32mI (267) boot: Loaded app from partition at offset 0x10000[0m
[0;32mI (267) boot: Disabling RNG early entropy source...[0m
[0;32mI (278) octal_psram: vendor id    : 0x0d (AP)[0m
[0;32mI (278) octal_psram: dev id       : 0x02 (generation 3)[0m
[0;32mI (278) octal_psram: density      : 0x03 (64 Mbit)[0m
[0;32mI (280) octal_psram: good-die     : 0x01 (Pass)[0m
[0;32mI (284) octal_psram: Latency      : 0x01 (Fixed)[0m
[0;32mI (288) octal_psram: VCC          : 0x01 (3V)[0m
[0;32mI (293) octal_psram: SRF          : 0x01 (Fast Refresh)[0m
[0;32mI (298) octal_psram: BurstType    : 0x01 (Hybrid Wrap)[0m
[0;32mI (302) octal_psram: BurstLen     : 0x01 (32 Byte)[0m
[0;32mI (307) octal_psram: Readlatency  : 0x02 (10 cycles@Fixed)[0m
[0;32mI (312) octal_psram: DriveStrength: 0x00 (1/1)[0m
[0;32mI (316) MSPI Timing: Enter psram timing tuning[0m
[0;32mI (321) esp_psram: Found 8MB PSRAM device[0m
[0;32mI (324) esp_psram: Speed: 80MHz[0m
[0;32mI (327) cpu_start: Multicore app[0m
[0;32mI (763) esp_psram: SPI SRAM memory test OK[0m
[0;32mI (771) cpu_start: GPIO 44 and 43 are used as console UART I/O pins[0m
[0;32mI (772) cpu_start: Pro cpu start user code[0m
[0;32mI (772) cpu_start: cpu freq: 160000000 Hz[0m
[0;32mI (773) app_init: Application information:[0m
[0;32mI (777) app_init: Project name:     esp32_s3_web_plc[0m
[0;32mI (782) app_init: App version:      1[0m
[0;32mI (785) app_init: Compile time:     May  2 2026 12:04:15[0m
[0;32mI (790) app_init: ELF file SHA256:  265265e6e...[0m
[0;32mI (795) app_init: ESP-IDF:          v6.1-dev-4427-gc00874869b[0m
[0;32mI (800) efuse_init: Min chip rev:     v0.0[0m
[0;32mI (804) efuse_init: Max chip rev:     v0.99 [0m
[0;32mI (808) efuse_init: Chip rev:         v0.2[0m
[0;32mI (812) heap_init: Initializing. RAM available for dynamic allocation:[0m
[0;32mI (818) heap_init: At 3FCA37A0 len 00045F70 (279 KiB): RAM[0m
[0;32mI (823) heap_init: At 3FCE9710 len 00005724 (21 KiB): RAM[0m
[0;32mI (828) heap_init: At 3FCF0000 len 00008000 (32 KiB): DRAM[0m
[0;32mI (833) heap_init: At 600FE000 len 00001FE8 (7 KiB): RTCRAM[0m
[0;32mI (839) esp_psram: Adding pool of 8192K of PSRAM memory to heap allocator[0m
[0;32mI (846) spi_flash: detected chip: boya[0m
[0;32mI (849) spi_flash: flash io: dio[0m
[0;32mI (852) sleep_gpio: Configure to isolate all GPIO pins in sleep state[0m
[0;32mI (858) sleep_gpio: Enable automatic switching of GPIO sleep configuration[0m
[0;32mI (865) main_task: Started on CPU0[0m
[0;32mI (895) esp_psram: Reserving pool of 32K of internal memory for DMA/internal allocations[0m
[0;32mI (895) main_task: Calling app_main()[0m
[0;32mI (915) MAIN: ESP32-S3 Gateway starting...[0m
[0;32mI (915) pp: pp rom version: e7ae62f[0m
[0;32mI (925) net80211: net80211 rom version: e7ae62f[0m
[0;32mI (935) wifi:wifi driver task: 3fcee930, prio:23, stack:6656, core=0[0m
[0;32mI (935) wifi:wifi firmware version: 4aaf952[0m
[0;32mI (935) wifi:wifi certification version: v7.0[0m
[0;32mI (935) wifi:config NVS flash: enabled[0m
[0;32mI (935) wifi:config nano formatting: disabled[0m
[0;32mI (945) wifi:Init data frame dynamic rx buffer num: 32[0m
[0;32mI (945) wifi:Init static rx mgmt buffer num: 5[0m
[0;32mI (955) wifi:Init management short buffer num: 32[0m
[0;32mI (955) wifi:Init dynamic tx buffer num: 32[0m
[0;32mI (965) wifi:Init static tx FG buffer num: 2[0m
[0;32mI (965) wifi:Init static rx buffer size: 1600[0m
[0;32mI (965) wifi:Init static rx buffer num: 10[0m
[0;32mI (975) wifi:Init dynamic rx buffer num: 32[0m
[0;32mI (975) wifi_init: rx ba win: 6[0m
[0;32mI (975) wifi_init: accept mbox: 6[0m
[0;32mI (985) wifi_init: tcpip mbox: 32[0m
[0;32mI (985) wifi_init: udp mbox: 6[0m
[0;32mI (985) wifi_init: tcp mbox: 6[0m
[0;32mI (995) wifi_init: tcp tx win: 5760[0m
[0;32mI (995) wifi_init: tcp rx win: 5760[0m
[0;32mI (995) wifi_init: tcp mss: 1440[0m
[0;32mI (995) wifi_init: WiFi IRAM OP enabled[0m
[0;32mI (1005) wifi_init: WiFi RX IRAM OP enabled[0m
[0;32mI (1015) phy_init: phy_version 711,97bcf0a2,Aug 25 2025,19:04:10[0m
[0;32mI (1055) wifi:mode : softAP (1c:db:d4:4a:9d:11)[0m
[0;32mI (1055) wifi:Total power save buffer number: 16[0m
[0;32mI (1055) wifi:Init max length of beacon: 752/752[0m
[0;32mI (1055) wifi:Init max length of beacon: 752/752[0m
[0;32mI (1055) WIFI_AP: Wi-Fi AP started[0m
[0;32mI (1055) esp_netif_lwip: DHCP server started on interface WIFI_AP_DEF with IP: 192.168.4.1[0m
[0;32mI (1065) WIFI_AP: SSID: ESP32-S3-PLC[0m
[0;32mI (1075) WIFI_AP: Password: 12345678[0m
[0;32mI (1075) WIFI_AP: IP: 192.168.4.1[0m
[0;32mI (1095) WEB_SERVER: LittleFS mounted. total=2097152, used=536576[0m
[0;32mI (1105) WEB_SERVER: HTTP server started on port 80[0m
[0;32mI (1105) main_task: Returned from app_main()[0m
[0;32mI (8755) wifi:station: 4c:49:6c:6c:ec:83 join, AID=1, bgn, 40U[0m
[0;32mI (8835) esp_netif_lwip: DHCP server assigned IP to a client, IP is: 192.168.4.2[0m
[0;32mI (9295) wifi:<ba-add>idx:2 (ifx:1, 4c:49:6c:6c:ec:83), tid:0, ssn:11, winSize:64[0m
[0;33mW (32415) WEB_SERVER: File not found: /littlefs/api/plc/status[0m
[0;33mW (49225) WEB_SERVER: File not found: /littlefs/favicon.ico[0m
